BEGIN;
CREATE EXTENSION country;
SELECT 'uk'::country > 'de'::country;
 ?column? 
----------
 t
(1 row)

SELECT 'uk'::country >= 'de'::country;
 ?column? 
----------
 t
(1 row)

SELECT NOT('uk'::country < 'de'::country);
 ?column? 
----------
 t
(1 row)

SELECT NOT('uk'::country <= 'de'::country);
 ?column? 
----------
 t
(1 row)

ROLLBACK;
BEGIN;
CREATE EXTENSION country;
SELECT 'uk'::country > 'de'::country;
 ?column? 
----------
 t
(1 row)

SELECT 'uk'::country >= 'de'::country;
 ?column? 
----------
 t
(1 row)

SELECT NOT('uk'::country < 'de'::country);
 ?column? 
----------
 t
(1 row)

SELECT NOT('uk'::country <= 'de'::country);
 ?column? 
----------
 t
(1 row)

ROLLBACK;
BEGIN;
CREATE EXTENSION country;
SELECT NOT('de'::country = 'uk'::country);
 ?column? 
----------
 t
(1 row)

SELECT 'uk'::country = 'uk'::country;
 ?column? 
----------
 t
(1 row)

ROLLBACK;
BEGIN;
CREATE EXTENSION country;
SELECT 'de'::country != 'uk'::country;
 ?column? 
----------
 t
(1 row)

SELECT NOT('uk'::country != 'uk'::country);
 ?column? 
----------
 t
(1 row)

ROLLBACK;
