BEGIN;
CREATE EXTENSION country VERSION '0.0.1';
ALTER EXTENSION country UPDATE TO '1.0.0';
ALTER EXTENSION country UPDATE TO '0.0.1';
ROLLBACK;
