BEGIN;
CREATE EXTENSION country;
CREATE TABLE country_test AS SELECT 'de'::country, 1 as num;
SELECT * FROM country_test;
 country | num 
---------+-----
 de      |   1
(1 row)

UPDATE country_test SET num = 2;
SELECT * FROM country_test;
 country | num 
---------+-----
 de      |   2
(1 row)

ROLLBACK;
